2026-05-25 21:02:06.094 ERROR [python-ast-builder] 解析python AST时发生错误
2026-05-25 21:02:06.094 ERROR Error: Command failed: /Users/infinite/Downloads/yasa-macos-arm64/uast4py-mac-arm64 --singleFileParse --rootDir="/var/folders/r5/d760dwfj5z91ghq7ndvsjyn00000gn/T/1779714121978_b65bi.py" --output="./uast.json" -j10
    at checkExecSyncError (node:child_process:820:11)
    at Object.execSync (node:child_process:891:15)
    at Object.execSync (pkg/prelude/bootstrap.js:2111:30)
    at buildUASTPython (/snapshot/YASA-Engine/dist/engine/parser/python/python-ast-builder.js:57:22)
    at Object.parseSingleFilePython [as parseSingleFile] (/snapshot/YASA-Engine/dist/engine/parser/python/python-ast-builder.js:110:9)
    at parser (/snapshot/YASA-Engine/dist/engine/parser/parser-core.js:53:48)
    at parseFile (/snapshot/YASA-Engine/dist/engine/parser/parser-core.js:190:25)
    at BaseParser.parseFile (/snapshot/YASA-Engine/dist/engine/parser/parser.js:624:29)
    at BaseParser.parseSingleFile (/snapshot/YASA-Engine/dist/engine/parser/parser.js:612:21) {
  status: null,
  signal: 'SIGKILL',
  output: [ null, <Buffer >, <Buffer > ],
  pid: 39651,
  stdout: <Buffer >,
  stderr: <Buffer >
}
2026-05-25 21:02:06.099 ERROR ERROR occurred in main.run!!
2026-05-25 21:02:06.099 ERROR Error: ENOENT: no such file or directory, open './uast.json'
    at Object.openSync (node:fs:599:3)
    at Object.openSync (pkg/prelude/bootstrap.js:793:32)
    at Object.readFileSync (node:fs:467:35)
    at Object.readFileSync (pkg/prelude/bootstrap.js:1079:36)
    at Object.parseSingleFilePython [as parseSingleFile] (/snapshot/YASA-Engine/dist/engine/parser/python/python-ast-builder.js:111:25)
    at parser (/snapshot/YASA-Engine/dist/engine/parser/parser-core.js:53:48)
    at parseFile (/snapshot/YASA-Engine/dist/engine/parser/parser-core.js:190:25)
    at BaseParser.parseFile (/snapshot/YASA-Engine/dist/engine/parser/parser.js:624:29)
    at BaseParser.parseSingleFile (/snapshot/YASA-Engine/dist/engine/parser/parser.js:612:21)
    at Object.parseSingleFile (/snapshot/YASA-Engine/dist/engine/parser/parser.js:1132:19) {
  errno: -2,
  syscall: 'open',
  code: 'ENOENT',
  path: './uast.json'
}
